<p>株式会社グラコネ(本社：東京都渋谷区、代表取締役：藤本 真衣)と株式会社withB(本社：東京都渋谷区、代表取締役：山根 健太)が2019年5月25日に開催する第4回《仮想通貨・ブロックチェーン企業限定》合同企業説明会の全登壇者が決定しました。</p><br />
<p>本イベントでは、国内で唯一多数の業界企業の中の人から直接採用の話を聞くことが出来るイベントとして、各企業の担当者から企業が求める人物像やビジョンについての話が聞ける【セミナー＆登壇会場】、各企業のスタッフに直接相談が出来る【個別相談会場】の2会場を設けています。</p><br />
<p><br></p><br />
<p><br></p><br />
<p>■登壇会場タイムテーブル　※進行状況により時間変更可能性があります。</p><br />
<p><br></p><br />
<p>時間　　 内容　　　　　　　　登壇企業・登壇者名</p><br />
<p>11:00～　オープニングトーク　株式会社Gracone／株式会社withB</p><br />
<p>　　　　　　　　　　　　　　　 CEO　藤本 真衣</p><br />
<p>11:20～　出展企業登壇1　　　 株式会社bitFlyer</p><br />
<p>　　　　　　　　　　　　　　　 人事部人事企画／採用広報　大城 達矢氏</p><br />
<p>11:40～　出展企業登壇2　　　 有限責任あずさ監査法人KPMGジャパン</p><br />
<p>　　　　　　　　　　　　　　　 フィンテック推進支援室　保木 健次氏</p><br />
<p>12:00～　出展企業登壇3　　　 株式会社フィナンシェ</p><br />
<p>　　　　　　　　　　　　　　　 CEO　田中 隆一氏</p><br />
<p>12:20～　出展企業登壇4　　　 TaoTao株式会社</p><br />
<p>　　　　　　　　　　　　　　　 取締役　丸山 顕義氏</p><br />
<p>12:40～　出展企業登壇5　　　 株式会社LCNEM</p><br />
<p>　　　　　　　　　　　　　　　 取締役COO＆CFO　下島 健氏</p><br />
<p>13:00～　出展企業登壇6　　　 Fressets株式会社</p><br />
<p>　　　　　　　　　　　　　　　 代表取締役　日向 理彦氏</p><br />
<p>13:20～　出展企業登壇7　　　 株式会社ビットポイントジャパン</p><br />
<p>　　　　　　　　　　　　　　　 取締役COO　朏 仁雄氏</p><br />
<p>13:40～　出展企業登壇8　　　 LONGHASH Japan</p><br />
<p>　　　　　　　　　　　　　　　 代表取締役社長 クリス・ダイ氏</p><br />
<p>14:00～　出展企業登壇9　　　 Neutrino</p><br />
<p>　　　　　　　　　　　　　　　 Office Coordinator　小田切 貴大氏</p><br />
<p>14:20～　出展企業登壇10　　　株式会社マーキュリー</p><br />
<p>　　　　　　　　　　　　　　　 CEO　関口 陸氏</p><br />
<p>14:40～　トークセッション1　 一般社団法人日本仮想通貨ビジネス協会</p><br />
<p>　　　　 　業界規制や動向　　　常勤専務　幸 政司氏</p><br />
<p>　　　　　　　　　　　　　　　 株式会社Gracone／株式会社withB</p><br />
<p>　　　　　　　　　　　　　　　 ミスビットコイン　藤本 真衣</p><br />
<p>15:00～　出展企業登壇11　　　株式会社Nayuta</p><br />
<p>　　　　　　　　　　　　　　　 代表取締役　栗元 憲一氏</p><br />
<p>15:20～　出展企業登壇12　　　N.Avenue株式会社</p><br />
<p>　　　　　　　　　　　　　　　 COO 神本 侑季氏</p><br />
<p>15:40～　トークセッション2　 元マウントゴックスCEO／</p><br />
<p>　　　　業界の過去現在未来　　トリスタン・テクノロジーズ最高技術責任者(CTO)</p><br />
<p>　　　　 　　　　　　　　　　　マルク・カルプレス氏</p><br />
<p>　　　　　　　　　　　　　　　 株式会社Gracone／株式会社withB</p><br />
<p>　　　　　　　　　　　　　　　 ミスビットコイン　藤本 真衣</p><br />
<p><br></p><br />
<p>〇個別相談会場出展企業</p><br />
<p>開催時間　11:00～18:00</p><br />
<p><br></p><br />
<p>株式会社bitFlyer、有限責任あずさ監査法人KPMGジャパン、株式会社LCNEM、Neutrino、株式会社フィナンシェ、株式会社LongHash、株式会社ビットポイントジャパン、Cointelegraph Japan、株式会社マーキュリー／株式会社セレス、TaoTao株式会社、株式会社Nayuta、N.Avenue株式会社、Fressets株式会社</p><br />
<p><br></p><br />
<p>〇後援</p><br />
<p>ブロックチェーン推進協会、一般社団法人日本仮想通貨ビジネス協会、福岡市</p><br />
<p><br></p><br />
<p>(順不同、サービス名表記含む)</p><br />
<p><br></p><br />
<p>■第4回仮想通貨・ブロックチェーン企業限定合同説明会 公式WEBサイト</p><br />
<p><a href="https://withb.co.jp/lp/jobfair04/" rel="nofollow noopener" target="_blank">https://withb.co.jp/lp/jobfair04/</a></p><br />
<p><br></p><br />
<p>■第4回仮想通貨・ブロックチェーン企業限定合同説明会開催概要</p><br />
<p>開催日時：2019年5月25日(土)11時～18時(10時30分より受付開始予定)</p><br />
<p>開催場所：ベルサール新宿セントラルパーク</p><br />
<p>所在地　：東京都新宿区西新宿6丁目13-1 住友不動産新宿セントラルパークビル</p><br />
<p>　　　　  <a href="https://www.bellesalle.co.jp/shisetsu/shinjuku/bs_shinjuku/access/" rel="nofollow noopener" target="_blank">https://www.bellesalle.co.jp/shisetsu/shinjuku/bs_shinjuku/access/</a></p><br />
<p>対象者　：同業界への転職を希望する方、学生(全職種対象)　※参加費無料</p><br />
<p><br></p><br />
<p>私たちGracone、withBでは、企業と求職者のニーズに合致する転職フェアの開催を通じて、FinTech領域への優秀な人材の供給と人手不足の解消に貢献することで業界全体の健全な成長に繋げていきたいと考えています。</p><br />
<p><br></p><br />
<p>イベントに関するお問い合せ窓口： <a href="mailto:info@withb.co.jp">info@withb.co.jp</a> (担当：東口)</p><br />
<p><br></p><br />
<p>■主催企業会社概要</p><br />
<p>社名　　： 株式会社Gracone(グラコネ)</p><br />
<p>所在地　： 東京都渋谷区渋谷2丁目10-15 エキスパートオフィス渋谷101号</p><br />
<p>代表　　： 代表取締役　藤本 真衣</p><br />
<p>設立　　： 2014年1月30日</p><br />
<p>事業内容： 広告代理業・広告の企画及び制作業・PR業・セールスプロモーション業</p><br />
<p>URL　　 ： <a href="http://gracone.co.jp/" rel="nofollow noopener" target="_blank">http://gracone.co.jp/</a></p><br />
<p><br></p><br />
<p>社名　　： 株式会社withB(ウィズビー)</p><br />
<p>所在地　： 東京都渋谷区渋谷1丁目12-8 ILA渋谷美竹ビル406</p><br />
<p>代表　　： 代表取締役　山根 健太</p><br />
<p>設立　　： 2018年1月24日</p><br />
<p>事業内容： 有料職業紹介事業・広告代理業・広告の企画及び制作業・PR業</p><br />
<p>　　　　　 有料職業紹介業の番号　13ーユー309377</p><br />
<p>URL　　 ： <a href="https://withb.co.jp/corporate/" rel="nofollow noopener" target="_blank">https://withb.co.jp/corporate/</a></p>