株式会社ジャパンタイムズ（本社：東京都千代田区、代表取締役社長: 堤丈晴）は、5月31日（金）に「ジャパンタイムズ先端技術フォーラム」と題した特別講演会を国際文化会館岩崎小彌太記念ホールにて開催します。<br>
<br>
▼「ジャパンタイムズ先端技術フォーラム（入場無料）」について<br>
<a href="https://esgforum1905.peatix.com/" target="_blank" rel="nofollow" class="url_link" title="https://esgforum1905.peatix.com">https://esgforum1905.peatix.com</a><br>
<br>
本フォーラムは、次世代の社会インフラともいわれる「ブロックチェーン」と「深層学習（ディープラーニング）」技術が今後の社会にどのような変革をもたらし、また産業にどう応用されていくのかをテーマとしています。<br>
<br>
第一部ではリキッドグループ共同創業者・CEOの栢森加里矢（かやもり かりや）氏に「ブロックチェーンがもたらす社会変化と世界の潮流」、第二部では日本マイクロソフト執行役員CTO兼マイクロソフトディベロップメント代表取締役社長の榊原彰（さかきばら あきら）氏に「深層学習技術の産業応用が未来にもたらすもの」と題してご講演いただきます。<br>
<br>
■「ジャパンタイムズ先端技術フォーラム」概要<br>
<br>
▽ 開催日時<br>
2019年5月31日（金）13:00-16:15（受付開始: 12:30～）<br>
<br>
▽ 会場<br>
国際文化会館 岩崎小彌太記念ホール（東京都港区六本木5-11-16）<br>
<a href="https://www.i-house.or.jp/access.html" target="_blank" rel="nofollow" class="url_link" title="https://www.i-house.or.jp/access.html">https://www.i-house.or.jp/access.html</a><br>
<br>
▽ 参加費<br>
無料<br>
<br>
▽ プログラム<br>
＜第一部＞13:00-14:30<br>
「ブロックチェーンがもたらす社会変化と世界の潮流」<br>
栢森 加里矢（リキッドグループ共同創業者・CEO）<br>
<br>
＜第二部＞14:45-16:15<br>
「深層学習技術の産業応用が未来にもたらすもの」<br>
榊原 彰（日本マイクロソフト執行役員CTO兼 マイクロソフトディベロップメント代表取締役社長）<br>
<br>
▽ 主催<br>
株式会社ジャパンタイムズ<br>
<br>
▼ お申し込み<br>
<a href="https://esgforum1905.peatix.com/" target="_blank" rel="nofollow" class="url_link" title="https://esgforum1905.peatix.com">https://esgforum1905.peatix.com</a><br>
<br>
◆ 株式会社ジャパンタイムズについて<br>
ジャパンタイムズは日本で最も歴史のある英字新聞社として、1897年の創業以来、日本と世界の英文ニュースを国内外に発信しています。「世界に開く日本の窓」としての役割を果たすべく、政治、経済、文化、社会、そしてスポーツ記事を通じ日本の現状と世界の動向を報道してきました。世界中の人が利用するThe Japan Times website（<a href="https://www.japantimes.co.jp/" target="_blank" rel="nofollow" class="url_link" title="https://www.japantimes.co.jp/">https://www.japantimes.co.jp/</a>）は、国内最大級の英文ニュースサイトとして多様で独自性のあるコンテンツを揃えています。<br>
<br>
<br>
【本件に関する問い合わせ先】		<br>
株式会社ジャパンタイムズ<br>
＜報道関係者＞<br>
経営推進部（佐々木・熊野）		　　　<br>
E-mail：pr@japantimes.co.jp		　   <br>
TEL：050-3646-0123（代）	<br>
<br>
＜フォーラムに関しての問い合わせ＞<br>
Japan Times ESG推進コンソーシアム事務局<br>
E-mail: esg@japantimes.co.jp<br>
TEL: 050-3646-9001