<p>データ分析、機械学習を専門とする株式会社GRI（ジーアールアイ　本社：東京都港区、代表取締役CEO：上野 勉）は、電子マネー決済サービス「DigiCash」を提供するSTAGE株式会社（ステージ　本社：東京都豊島区、代表取締役：新井隆介）より出資を受け、資本・業務提携を行いましたのでお知らせいたします。</p>

<p> </p>

<p>■ディープラーニングの解析×フィンテック技術の統合で、サービス開発強化</p>

<p> </p>

<p>GRIは、「データで新たな事業を開発していくカンパニー」を経営理念として、「機械学習」、「ディープラーニング」によるデータ解析を通じて、クライアントの事業開発支援を行っています。ディープラーニングは日本語に訳すと「深層学習」。コンピューターが物事を理解するための新しい学習方法で、AI（人工知能）の急速な発展を支える注目の技術です。GRIはこれまでセルフ型の機械学習基盤「Forecast Flow」および、セルフ型のアンケートプラットフォーム「Smart Survey」を提供し、企業におけるビッグデータ活用とマーケティングリサーチの自動化の促進にも取り組んでいます。</p>

<p> </p>

<p>一方、STAGEは「Finance×Technologyで未来の電子マネーライフを創造する」を理念とするフィンテック（FinTech）分野のベンチャー企業として、ブロックチェーン技術を用いた電子マネー決済サービス「DigiCash」を主軸とした事業を展開しています。</p>

<p> </p>

<p>かねてよりGRIとSTAGEでは開発技術の提供や人材の育成などの連携を図っておりました。今回の資本・業務提携により、これまで以上に連携体制を強化し、機械学習およびディープラーニング等の解析技術とフィンテック関連技術の統合によるサービス開発に取り組んでまいります。</p>

<p> </p>

<p> </p>

<p>【STAGE株式会社について】</p>

<p>本社：〒170-0013　東京都豊島区東池袋1-2-8 塚越ビル3F</p>

<p>代表者：代表取締役　新井隆介</p>

<p>設立：2015 年7 月</p>

<p>URL：<a href="https://www.value-press.com/bin/tools/link_counter?a=orbvzimfujy&amp;l=YUhSMGNITTZMeTl6ZEdGblpXbHVZeTVxY0E9PQ%3D%3D" target="_blank" rel="nofollow">https://stageinc.jp</a></p>

<p>事業内容：ブロックチェーン技術を使用したサービスの開発</p>

<p> </p>

<p> </p>

<p>【株式会社GRIについて】</p>

<p>本社：〒105-0011　東京都港区芝公園1-3-8 苔香園ビル5F</p>

<p>代表者：代表取締役CEO　上野 勉</p>

<p>設立：2009年2月</p>

<p>URL：<a href="https://www.value-press.com/bin/tools/link_counter?a=orbvzimfujy&amp;l=YUhSMGNEb3ZMMmR5YVM1cWNDOD0%3D" target="_blank" rel="nofollow">http://gri.jp/</a></p>

<p>事業内容：データを利活用した事業開発に関わる支援</p>

<p>Forecast Flowサービスサイト：<a href="https://www.value-press.com/bin/tools/link_counter?a=orbvzimfujy&amp;l=YUhSMGNEb3ZMMmR5YVM1cWNDOXpaWEoyYVdObEwyWnZjbVZqWVhOMFpteHZkdz09" target="_blank" rel="nofollow">http://gri.jp/service/forecastflow</a></p>

<p>Smart Surveyサービスサイト：<a href="https://www.value-press.com/bin/tools/link_counter?a=orbvzimfujy&amp;l=YUhSMGNITTZMeTkzZDNjdWMyMWhjblJ6ZFhKMlpYa3VhbkF2" target="_blank" rel="nofollow">https://www.smartsurvey.jp/</a> [A4] </p>
<br><br>